
> build
> astro build

22:29:05 [vite] Re-optimizing dependencies because vite config has changed
22:29:05 [content] Syncing content
22:29:05 [content] Synced content
22:29:05 [types] Generated 182ms
22:29:05 [build] output: "static"
22:29:05 [build] mode: "static"
22:29:05 [build] directory: /Users/ben/KianOSBeta-issue117/static-web/dist/
22:29:05 [build] Collecting build info...
22:29:05 [build] ✓ Completed in 208ms.
22:29:05 [build] Building static entrypoints...
22:29:07 [vite] ✓ built in 1.90s
22:29:07 [build] ✓ Completed in 1.93s.

 building client (vite) 
22:29:07 [vite] transforming...
22:29:07 [vite] ✓ 58 modules transformed.
22:29:08 [vite] rendering chunks...
22:29:08 [vite] computing gzip size...
22:29:08 [vite] dist/_astro/PoliticsPracticeWorkbench.astro_astro_type_script_index_0_lang.4xGz39nt.js    0.15 kB │ gzip: 0.14 kB
22:29:08 [vite] dist/_astro/PoliticsPracticeBridge.astro_astro_type_script_index_0_lang.z97-Tb8f.js       1.46 kB │ gzip: 0.87 kB
22:29:08 [vite] dist/_astro/politicsUnitReturn.CSJo_KEz.js                                                2.51 kB │ gzip: 1.08 kB
22:29:08 [vite] dist/_astro/ClozeWorkspace.astro_astro_type_script_index_0_lang.BS4GeV96.js               4.30 kB │ gzip: 1.59 kB
22:29:08 [vite] dist/_astro/VocabularyWordRuntime.astro_astro_type_script_index_0_lang.ByE9rf2c.js        4.77 kB │ gzip: 1.92 kB
22:29:08 [vite] dist/_astro/ReadingBWorkspace.astro_astro_type_script_index_0_lang.DTvpXIbV.js            5.39 kB │ gzip: 2.26 kB
22:29:08 [vite] dist/_astro/XizongSystemRepairReturn.astro_astro_type_script_index_0_lang.CQebkq70.js     5.49 kB │ gzip: 2.60 kB
22:29:08 [vite] dist/_astro/VocabularyHome.astro_astro_type_script_index_0_lang.tGDGaQ9S.js               5.68 kB │ gzip: 2.34 kB
22:29:08 [vite] dist/_astro/TranslationReferenceLoader.astro_astro_type_script_index_0_lang.CCrDvlle.js   5.70 kB │ gzip: 2.83 kB
22:29:08 [vite] dist/_astro/XizongMemoryReview.astro_astro_type_script_index_0_lang.DCHAwJvf.js           6.03 kB │ gzip: 2.28 kB
22:29:08 [vite] dist/_astro/ReadingPassageHandoff.astro_astro_type_script_index_0_lang.BVXkTJ12.js        6.99 kB │ gzip: 3.24 kB
22:29:08 [vite] dist/_astro/XizongBlockRuntime.astro_astro_type_script_index_0_lang.Dd8Kb7Wd.js           7.93 kB │ gzip: 2.53 kB
22:29:08 [vite] dist/_astro/ObjectiveHandoff.astro_astro_type_script_index_0_lang.y2rbc6Cx.js             8.21 kB │ gzip: 3.54 kB
22:29:08 [vite] dist/_astro/VocabularyChallengeRuntime.astro_astro_type_script_index_0_lang.BPGU9GF7.js   8.50 kB │ gzip: 3.15 kB
22:29:08 [vite] dist/_astro/ObjectiveTransferClaims.astro_astro_type_script_index_0_lang.Cf8_G0r-.js      9.41 kB │ gzip: 3.64 kB
22:29:08 [vite] dist/_astro/XizongSystemExitRuntime.astro_astro_type_script_index_0_lang.DcSOOooc.js      9.49 kB │ gzip: 3.67 kB
22:29:08 [vite] dist/_astro/XizongMemoryReviewV6.astro_astro_type_script_index_0_lang.ChULgrqx.js        10.76 kB │ gzip: 4.25 kB
22:29:08 [vite] dist/_astro/PoliticsUnitReturnEnhancer.astro_astro_type_script_index_0_lang.DfVxHhAn.js  12.65 kB │ gzip: 4.51 kB
22:29:08 [vite] dist/_astro/WritingEvidencePanel.astro_astro_type_script_index_0_lang.CrWbB1Ud.js        13.00 kB │ gzip: 4.67 kB
22:29:08 [vite] dist/_astro/ReadingWorkspace.astro_astro_type_script_index_0_lang.DWbEOR7q.js            14.17 kB │ gzip: 4.85 kB
22:29:08 [vite] dist/_astro/WritingWorkspace.astro_astro_type_script_index_0_lang.BA_l2KhW.js            19.47 kB │ gzip: 5.66 kB
22:29:08 [vite] dist/_astro/politicsPracticeClient.Cx3-RvF7.js                                           19.74 kB │ gzip: 7.35 kB
22:29:08 [vite] dist/_astro/TranslationWorkspace.astro_astro_type_script_index_0_lang.B2DIeISk.js        21.19 kB │ gzip: 7.17 kB
22:29:08 [vite] ✓ built in 275ms

 generating static routes 
22:29:08 ▶ src/pages/answer.astro
22:29:08   └─ /answer/index.html (+19ms) 
22:29:08 ▶ src/pages/b1.astro
22:29:08   └─ /b1/index.html (+62ms) 
22:29:08 λ src/pages/cloze-answer/[id].json.js
22:29:08   ├─ /cloze-answer/english1-2000-cloze-main.json/ (+2ms) 
22:29:08   ├─ /cloze-answer/english1-2001-cloze-main.json/ (+1ms) 
22:29:08   ├─ /cloze-answer/english1-2002-cloze-main.json/ (+0ms) 
22:29:08   ├─ /cloze-answer/english1-2003-cloze-main.json/ (+0ms) 
22:29:08   ├─ /cloze-answer/english1-2004-cloze-main.json/ (+1ms) 
22:29:08   ├─ /cloze-answer/english1-2005-cloze-main.json/ (+1ms) 
22:29:08   ├─ /cloze-answer/english1-2006-cloze-main.json/ (+1ms) 
22:29:08   ├─ /cloze-answer/english1-2007-cloze-main.json/ (+1ms) 
22:29:08   ├─ /cloze-answer/english1-2008-cloze-main.json/ (+1ms) 
22:29:08   ├─ /cloze-answer/english1-2009-cloze-main.json/ (+0ms) 
22:29:08   ├─ /cloze-answer/english1-2010-cloze-main.json/ (+0ms) 
22:29:08   ├─ /cloze-answer/english1-2011-cloze-main.json/ (+0ms) 
22:29:08   ├─ /cloze-answer/english1-2012-cloze-main.json/ (+0ms) 
22:29:08   ├─ /cloze-answer/english1-2013-cloze-main.json/ (+1ms) 
22:29:08   ├─ /cloze-answer/english1-2014-cloze-main.json/ (+1ms) 
22:29:08   ├─ /cloze-answer/english1-2015-cloze-main.json/ (+1ms) 
22:29:08   ├─ /cloze-answer/english1-2016-cloze-main.json/ (+1ms) 
22:29:08   ├─ /cloze-answer/english1-2017-cloze-main.json/ (+1ms) 
22:29:08   ├─ /cloze-answer/english1-2018-cloze-main.json/ (+1ms) 
22:29:08   ├─ /cloze-answer/english1-2019-cloze-main.json/ (+0ms) 
22:29:08   ├─ /cloze-answer/english1-2020-cloze-main.json/ (+1ms) 
22:29:08   ├─ /cloze-answer/english1-2021-cloze-main.json/ (+1ms) 
22:29:08   ├─ /cloze-answer/english1-2022-cloze-main.json/ (+1ms) 
22:29:08   ├─ /cloze-answer/english1-2023-cloze-main.json/ (+1ms) 
22:29:08   ├─ /cloze-answer/english1-2024-cloze-main.json/ (+1ms) 
22:29:08   ├─ /cloze-answer/english1-2025-cloze-main.json/ (+0ms) 
22:29:08   └─ /cloze-answer/english1-2026-cloze-main.json/ (+0ms) 
22:29:08 ▶ src/pages/cloze/[id].astro
22:29:08   ├─ /cloze/english1-2000-cloze-main/index.html (+20ms) 
22:29:08   ├─ /cloze/english1-2001-cloze-main/index.html (+6ms) 
22:29:08   ├─ /cloze/english1-2002-cloze-main/index.html (+7ms) 
22:29:08   ├─ /cloze/english1-2003-cloze-main/index.html (+3ms) 
22:29:08   ├─ /cloze/english1-2004-cloze-main/index.html (+3ms) 
22:29:08   ├─ /cloze/english1-2005-cloze-main/index.html (+4ms) 
22:29:08   ├─ /cloze/english1-2006-cloze-main/index.html (+25ms) 
22:29:08   ├─ /cloze/english1-2007-cloze-main/index.html (+6ms) 
22:29:08   ├─ /cloze/english1-2008-cloze-main/index.html (+4ms) 
22:29:08   ├─ /cloze/english1-2009-cloze-main/index.html (+4ms) 
22:29:08   ├─ /cloze/english1-2010-cloze-main/index.html (+15ms) 
22:29:08   ├─ /cloze/english1-2011-cloze-main/index.html (+15ms) 
22:29:08   ├─ /cloze/english1-2012-cloze-main/index.html (+4ms) 
22:29:08   ├─ /cloze/english1-2013-cloze-main/index.html (+4ms) 
22:29:08   ├─ /cloze/english1-2014-cloze-main/index.html (+4ms) 
22:29:08   ├─ /cloze/english1-2015-cloze-main/index.html (+4ms) 
22:29:08   ├─ /cloze/english1-2016-cloze-main/index.html (+23ms) 
22:29:08   ├─ /cloze/english1-2017-cloze-main/index.html (+95ms) 
22:29:08   ├─ /cloze/english1-2018-cloze-main/index.html (+6ms) 
22:29:08   ├─ /cloze/english1-2019-cloze-main/index.html (+7ms) 
22:29:08   ├─ /cloze/english1-2020-cloze-main/index.html (+12ms) 
22:29:08   ├─ /cloze/english1-2021-cloze-main/index.html (+8ms) 
22:29:08   ├─ /cloze/english1-2022-cloze-main/index.html (+6ms) 
22:29:08   ├─ /cloze/english1-2023-cloze-main/index.html (+5ms) 
22:29:08   ├─ /cloze/english1-2024-cloze-main/index.html (+6ms) 
22:29:08   ├─ /cloze/english1-2025-cloze-main/index.html (+17ms) 
22:29:08   └─ /cloze/english1-2026-cloze-main/index.html (+13ms) 
22:29:08 ▶ src/pages/cloze.astro
22:29:08   └─ /cloze/index.html (+1ms) 
22:29:08 ▶ src/pages/current.astro
22:29:08   └─ /current/index.html (+104ms) 
22:29:08 ▶ src/pages/english.astro
22:29:08   └─ /english/index.html (+21ms) 
22:29:08 ▶ src/pages/index.astro
22:29:08   └─ /index.html (+24ms) 
22:29:08 ▶ src/pages/lexical-validation-02.astro
22:29:08   └─ /lexical-validation-02/index.html (+33ms) 
22:29:08 ▶ src/pages/lexical-validation-03.astro
22:29:08   └─ /lexical-validation-03/index.html (+30ms) 
22:29:08 ▶ src/pages/lexical-validation-04.astro
22:29:08   └─ /lexical-validation-04/index.html (+10ms) 
22:29:08 ▶ src/pages/lexical-validation.astro
22:29:08   └─ /lexical-validation/index.html (+9ms) 
22:29:08 ▶ src/pages/objective-learn.astro
22:29:08   └─ /objective-learn/index.html (+8ms) 
22:29:08 ▶ src/pages/politics/[subject]/[chapter].astro
22:29:08   ├─ /politics/marxism/ch00/index.html (+19ms) 
22:29:08   ├─ /politics/marxism/ch01/index.html (+14ms) 
22:29:08   ├─ /politics/marxism/ch02/index.html (+12ms) 
22:29:08   ├─ /politics/marxism/ch03/index.html (+8ms) 
22:29:08   ├─ /politics/marxism/ch04/index.html (+28ms) 
22:29:08   ├─ /politics/marxism/ch05/index.html (+71ms) 
22:29:09   ├─ /politics/marxism/ch06/index.html (+33ms) 
22:29:09   ├─ /politics/marxism/ch07/index.html (+26ms) 
22:29:09   ├─ /politics/marxism/ch08/index.html (+9ms) 
22:29:09   ├─ /politics/history/ch01/index.html (+18ms) 
22:29:09   ├─ /politics/history/ch02/index.html (+4ms) 
22:29:09   ├─ /politics/history/ch03/index.html (+9ms) 
22:29:09   ├─ /politics/history/ch04/index.html (+28ms) 
22:29:09   ├─ /politics/history/ch05/index.html (+5ms) 
22:29:09   ├─ /politics/history/ch06/index.html (+20ms) 
22:29:09   ├─ /politics/history/ch07/index.html (+20ms) 
22:29:09   ├─ /politics/history/ch08/index.html (+8ms) 
22:29:09   ├─ /politics/history/ch09/index.html (+13ms) 
22:29:09   ├─ /politics/history/ch10/index.html (+2ms) 
22:29:09   ├─ /politics/mao/ch00/index.html (+6ms) 
22:29:09   ├─ /politics/mao/ch01/index.html (+3ms) 
22:29:09   ├─ /politics/mao/ch02/index.html (+7ms) 
22:29:09   ├─ /politics/mao/ch03/index.html (+19ms) 
22:29:09   ├─ /politics/mao/ch04/index.html (+5ms) 
22:29:09   ├─ /politics/mao/ch05/index.html (+4ms) 
22:29:09   ├─ /politics/mao/ch06/index.html (+4ms) 
22:29:09   ├─ /politics/mao/ch07/index.html (+2ms) 
22:29:09   ├─ /politics/mao/ch08/index.html (+5ms) 
22:29:09   ├─ /politics/xi/ch00/index.html (+15ms) 
22:29:09   ├─ /politics/xi/ch01/index.html (+58ms) 
22:29:09   ├─ /politics/xi/ch02/index.html (+43ms) 
22:29:09   ├─ /politics/xi/ch03/index.html (+21ms) 
22:29:09   ├─ /politics/xi/ch04/index.html (+25ms) 
22:29:09   ├─ /politics/xi/ch05/index.html (+45ms) 
22:29:09   ├─ /politics/xi/ch06/index.html (+30ms) 
22:29:09   ├─ /politics/xi/ch07/index.html (+6ms) 
22:29:09   ├─ /politics/xi/ch08/index.html (+7ms) 
22:29:09   ├─ /politics/xi/ch09/index.html (+4ms) 
22:29:09   ├─ /politics/xi/ch10/index.html (+30ms) 
22:29:09   ├─ /politics/xi/ch11/index.html (+17ms) 
22:29:09   ├─ /politics/xi/ch12/index.html (+26ms) 
22:29:09   ├─ /politics/xi/ch13/index.html (+6ms) 
22:29:09   ├─ /politics/xi/ch14/index.html (+5ms) 
22:29:09   ├─ /politics/xi/ch15/index.html (+5ms) 
22:29:09   ├─ /politics/xi/ch16/index.html (+5ms) 
22:29:09   ├─ /politics/xi/ch17/index.html (+6ms) 
22:29:09   ├─ /politics/ethics_law/ch00/index.html (+10ms) 
22:29:09   ├─ /politics/ethics_law/ch01/index.html (+4ms) 
22:29:09   ├─ /politics/ethics_law/ch02/index.html (+3ms) 
22:29:09   ├─ /politics/ethics_law/ch03/index.html (+9ms) 
22:29:09   ├─ /politics/ethics_law/ch04/index.html (+10ms) 
22:29:09   ├─ /politics/ethics_law/ch05/index.html (+29ms) 
22:29:09   └─ /politics/ethics_law/ch06/index.html (+18ms) 
22:29:09 ▶ src/pages/politics/index.astro
22:29:09   └─ /politics/index.html (+6ms) 
22:29:09 λ src/pages/politics/practice-review/[id].json.ts
22:29:09 [ERROR] [build] Failed to call getStaticPaths for src/pages/politics/practice-review/[id].json.ts
POLITICS_PRACTICE_LEARNER_EXPLANATION_COMPRESSED_SHA_MISMATCH
  Location:
    /Users/ben/KianOSBeta-issue117/static-web/node_modules/astro/dist/core/render/route-cache.js:29:27
  Stack trace:
    at buildLearnerExplanationIndex (file:///Users/ben/KianOSBeta-issue117/static-web/dist/chunks/politicsPracticeView_DewWd3_v.mjs:97:11)
    at Module.getStaticPaths (file:///Users/ben/KianOSBeta-issue117/static-web/dist/pages/politics/practice-review/_id_.json.astro.mjs?time=1789396149720:5:19)
    at getPathsForRoute (file:///Users/ben/KianOSBeta-issue117/static-web/node_modules/astro/dist/core/build/generate.js:213:31)
    at async generatePages (file:///Users/ben/KianOSBeta-issue117/static-web/node_modules/astro/dist/core/build/generate.js:99:7)
    at async AstroBuilder.build (file:///Users/ben/KianOSBeta-issue117/static-web/node_modules/astro/dist/core/build/index.js:157:5)
